[click.proclaimers.agency/index.html]
[backblue.gif]
[fade.gif]
[index.html]
[click.proclaimers.agency/wp-content/plugins/bdthemes-element-pack/assets/css/bdt-uikit2916.css]
[click.proclaimers.agency/feed/index.html]
[click.proclaimers.agency/comments/feed/index.html]
[click.proclaimers.agency/wp-content/plugins/bdthemes-element-pack/assets/css/ep-helper91f3.css]
[click.proclaimers.agency/wp-content/plugins/sina-extension-for-elementor/assets/css/sina-morphing.minedb1.css]
[click.proclaimers.agency/wp-content/plugins/fluentform/public/css/fluent-forms-public163a.css]
[click.proclaimers.agency/wp-content/plugins/fluentform/public/css/fluentform-public-default163a.css]
[c0.wp.com/c/6.1.1/wp-includes/css/dist/block-library/style.min.css]
[c0.wp.com/c/6.1.1/wp-includes/js/mediaelement/mediaelementplayer-legacy.min.css]
[c0.wp.com/c/6.1.1/wp-includes/js/mediaelement/wp-mediaelement.min.css]
[click.proclaimers.agency/wp-content/plugins/ays-popup-box/public/css/animatea7da.css]
[click.proclaimers.agency/wp-content/plugins/sina-extension-for-elementor/admin/assets/css/icofont.minedb1.css]
[click.proclaimers.agency/wp-content/plugins/elementor/assets/lib/font-awesome/css/font-awesome.min1849.css]
[click.proclaimers.agency/wp-content/plugins/elementor/assets/lib/eicons/css/elementor-icons.min3b94.css]
[click.proclaimers.agency/wp-content/plugins/elementor/assets/css/frontend-lite.mina3be.css]
[click.proclaimers.agency/wp-content/plugins/elementor/assets/lib/swiper/css/swiper.min48f5.css]
[click.proclaimers.agency/wp-content/uploads/elementor/css/post-28246e5.css]
[click.proclaimers.agency/wp-content/plugins/fluentform/public/css/fluent-forms-elementor-widget163a.css]
[click.proclaimers.agency/wp-content/uploads/uicore-global9396.css]
[click.proclaimers.agency/wp-content/plugins/elementor/assets/lib/font-awesome/css/fontawesome.min52d5.css]
[click.proclaimers.agency/wp-content/plugins/elementor/assets/lib/font-awesome/css/solid.min52d5.css]
[c0.wp.com/p/jetpack/11.9.1/css/jetpack.css]
[click.proclaimers.agency/wp-json/index.html]
[click.proclaimers.agency/wp-json/wp/v2/pages/282.json]
[click.proclaimers.agency/xmlrpc0db0.php]
[click.proclaimers.agency/wp-includes/wlwmanifest.xml]
[click.proclaimers.agency/wp-json/oembed/1.0/embedfb92.json]
[click.proclaimers.agency/wp-json/oembed/1.0/embed1c39]
[click.proclaimers.agency/wp-content/uploads/2022/12/Al-Jazeera-Arabic-Regular.ttf]
[click.proclaimers.agency/wp-content/uploads/2022/12/cropped-Logo_Proclaimers_White_400px-300x43-2.png]
[i0.wp.com/click.proclaimers.agency/wp-content/uploads/2022/12/cropped-Logo_Proclaimers_black_400px-300x43-17d45.png]
[i0.wp.com/click.proclaimers.agency/wp-content/uploads/2022/12/cropped-Logo_Proclaimers_White_400px-signaturea577.png]
[i0.wp.com/click.proclaimers.agency/wp-content/uploads/2022/12/ezgif-5-25931842e1-124dc.gif]
[i0.wp.com/click.proclaimers.agency/wp-content/uploads/2022/12/iPad-Pro-Mockup-transparent-modif-fixed-17b43.png]
[i0.wp.com/click.proclaimers.agency/wp-content/uploads/2022/12/Untitled9eed.png]
[i0.wp.com/click.proclaimers.agency/wp-content/uploads/2022/12/CDB05072_480x480-1af60.png]
[i0.wp.com/click.proclaimers.agency/wp-content/uploads/2022/12/CDB05055_480x480-10755.png]
[i0.wp.com/click.proclaimers.agency/wp-content/uploads/2022/12/DSC00229-3_480x480-10755.png]
[i0.wp.com/click.proclaimers.agency/wp-content/uploads/2022/12/pf-s73-eve-set-14-mockup-clear-v061e.png]
[i0.wp.com/click.proclaimers.agency/wp-content/uploads/2022/12/Shopify2product-iphone3903.png]
[i0.wp.com/click.proclaimers.agency/wp-content/uploads/2022/12/Shopify1product-iphone3903.png]
[i0.wp.com/click.proclaimers.agency/wp-content/uploads/2022/12/Hf068c089d744421c8a52029ac558f7f8F-1-115e2.jpg]
[i0.wp.com/click.proclaimers.agency/wp-content/uploads/2022/12/hexa-iphone-animation0681.gif]
[i0.wp.com/click.proclaimers.agency/wp-content/uploads/2022/12/6_5d1a9d06-5de8-4f8c-9f79-4cbdd6259306_800x230b.jpg]
[i0.wp.com/click.proclaimers.agency/wp-content/uploads/2022/12/3-iphone-hexxa-socialmediamockup4126.png]
[i0.wp.com/click.proclaimers.agency/wp-content/uploads/2022/12/hexxa-website-mockups-clean829d.png]
[i0.wp.com/click.proclaimers.agency/wp-content/uploads/2022/12/Shopify3product-iphone3903.png]
[i0.wp.com/click.proclaimers.agency/wp-content/uploads/2022/12/Shopify4product-iphone3903.png]
[i0.wp.com/click.proclaimers.agency/wp-content/uploads/2022/12/social-ads-icons84d4.png]
[i0.wp.com/click.proclaimers.agency/wp-content/uploads/2022/12/facebook-ads-dashboard-ipad3b53.png]
[i0.wp.com/click.proclaimers.agency/wp-content/uploads/2022/12/tube-budgets-new-blackaac5.png]
[i0.wp.com/click.proclaimers.agency/wp-content/uploads/2022/12/tube-budgets-mobile-black364d.png]
[i0.wp.com/click.proclaimers.agency/wp-content/uploads/2022/12/roas-dashboardbc66.png]
[click.proclaimers.agency/wp-content/plugins/elementor/assets/css/widget-icon-box.min.css]
[click.proclaimers.agency/wp-content/plugins/sina-extension-for-elementor/assets/css/sina-widgets.minedb1.css]
[click.proclaimers.agency/wp-content/plugins/fluentformpro/public/libs/intl-tel-input/css/intlTelInput.min85e8.css]
[click.proclaimers.agency/wp-content/plugins/elementor/assets/lib/flatpickr/flatpickr.mineda1.css]
[click.proclaimers.agency/wp-content/plugins/ays-popup-box/public/css/ays-pb-publica7da.css]
[c0.wp.com/c/6.1.1/wp-includes/js/jquery/jquery.min.js]
[c0.wp.com/c/6.1.1/wp-includes/js/jquery/jquery-migrate.min.js]
[click.proclaimers.agency/wp-content/plugins/ays-popup-box/public/js/ays-pb-publica7da.js]
[click.proclaimers.agency/wp-content/plugins/pixelyoursite-pro/dist/scripts/js.cookie-2.1.3.min4c71.js]
[click.proclaimers.agency/wp-content/plugins/pixelyoursite-pro/dist/scripts/jquery.bind-first-0.2.3.min6a4d.js]
[click.proclaimers.agency/wp-content/plugins/pixelyoursite-pro/dist/scripts/public79e1.js]
[u.heatmap.it/log.js]
[connect.facebook.net/en_US/fbevents.js]
[click.proclaimers.agency/wp-content/plugins/official-facebook-pixel/js/openbridge_plugin.js]
[cdn.buttonizer.io/embed.js]
[click.proclaimers.agency/wp-content/plugins/fluentform/public/js/form-submission163a.js]
[c0.wp.com/p/jetpack/11.9.1/_inc/build/photon/photon.min.js]
[click.proclaimers.agency/wp-content/uploads/uicore-global9396.js]
[click.proclaimers.agency/wp-content/plugins/sina-extension-for-elementor/assets/js/sina-widgets.minedb1.js]
[click.proclaimers.agency/wp-content/plugins/elementor/assets/lib/jquery-numerator/jquery-numerator.min3958.js]
[click.proclaimers.agency/wp-content/plugins/fluentformpro/public/libs/intl-tel-input/js/intlTelInput.min85e8.js]
[click.proclaimers.agency/wp-content/plugins/elementor/assets/lib/flatpickr/flatpickr.mineda1.js]
[click.proclaimers.agency/wp-content/plugins/fluentformpro/public/libs/intl-tel-input/js/utils85e8.js]
[click.proclaimers.agency/wp-content/plugins/elementor/assets/js/webpack.runtime.mina3be.js]
[click.proclaimers.agency/wp-content/plugins/bdthemes-element-pack/assets/js/bdt-uikit.min2916.js]
[click.proclaimers.agency/wp-content/plugins/elementor/assets/js/frontend-modules.mina3be.js]
[c0.wp.com/c/6.1.1/wp-includes/js/jquery/ui/core.min.js]
[click.proclaimers.agency/wp-content/plugins/elementor/assets/js/frontend.mina3be.js]
[click.proclaimers.agency/wp-content/plugins/bdthemes-element-pack/assets/js/common/helper.min91f3.js]
[click.proclaimers.agency/index.html]
[stats.wp.com/e-202312.js]
[click.proclaimers.agency/wp-content/plugins/bdthemes-element-pack/images/backgrounds/divider-icon.svg]
[click.proclaimers.agency/wp-content/plugins/bdthemes-element-pack/images/backgrounds/list-bullet.svg]
[click.proclaimers.agency/wp-content/plugins/bdthemes-element-pack/assets/images/backgrounds/form-select.svg]
[click.proclaimers.agency/wp-content/plugins/bdthemes-element-pack/images/backgrounds/form-datalist.svg]
[click.proclaimers.agency/wp-content/plugins/bdthemes-element-pack/assets/images/backgrounds/form-radio.svg]
[click.proclaimers.agency/wp-content/plugins/bdthemes-element-pack/assets/images/backgrounds/form-checkbox.svg]
[click.proclaimers.agency/wp-content/plugins/bdthemes-element-pack/assets/images/backgrounds/form-checkbox-indeterminate.svg]
[click.proclaimers.agency/wp-content/plugins/bdthemes-element-pack/assets/images/backgrounds/nav-parent-close.svg]
[click.proclaimers.agency/wp-content/plugins/bdthemes-element-pack/assets/images/backgrounds/nav-parent-open.svg]
[click.proclaimers.agency/wp-content/plugins/bdthemes-element-pack/assets/css/bdt-uikit2916.css]
[click.proclaimers.agency/wp-content/plugins/bdthemes-element-pack/assets/images/loading.svg]
[click.proclaimers.agency/wp-content/plugins/bdthemes-element-pack/assets/css/ep-helper91f3.css]
[click.proclaimers.agency/wp-content/plugins/sina-extension-for-elementor/assets/css/sina-morphing.minedb1.css]
[click.proclaimers.agency/wp-content/plugins/fluentform/public/css/fluent-forms-public163a.css]
[click.proclaimers.agency/wp-content/plugins/fluentform/public/css/fluentform-public-default163a.css]
[c0.wp.com/c/6.1.1/wp-includes/css/dist/block-library/style.min.css]
[c0.wp.com/c/6.1.1/wp-includes/js/mediaelement/mediaelementplayer-legacy.min.css]
[c0.wp.com/c/6.1.1/wp-includes/js/mediaelement/wp-mediaelement.min.css]
[c0.wp.com/c/6.1.1/wp-includes/css/classic-themes.min.css]
[click.proclaimers.agency/wp-content/plugins/ays-popup-box/public/css/animatea7da.css]
[c0.wp.com/c/6.1.1/wp-includes/js/mediaelement/mejs-controls.svg]
[click.proclaimers.agency/wp-content/plugins/sina-extension-for-elementor/admin/assets/css/fonts/icofont.woff2]
[click.proclaimers.agency/wp-content/plugins/sina-extension-for-elementor/admin/assets/css/fonts/icofont.woff]
[click.proclaimers.agency/wp-content/plugins/sina-extension-for-elementor/admin/assets/css/icofont.minedb1.css]
[click.proclaimers.agency/wp-content/plugins/elementor/assets/lib/font-awesome/fonts/fontawesome-webfont3e6e.eot]
[click.proclaimers.agency/wp-content/plugins/elementor/assets/lib/font-awesome/fonts/fontawesome-webfontd41d.eot]
[click.proclaimers.agency/wp-content/plugins/elementor/assets/lib/font-awesome/fonts/fontawesome-webfont3e6e.woff2]
[click.proclaimers.agency/wp-content/plugins/elementor/assets/lib/font-awesome/fonts/fontawesome-webfont3e6e.woff]
[click.proclaimers.agency/wp-content/plugins/elementor/assets/lib/font-awesome/fonts/fontawesome-webfont3e6e.ttf]
[click.proclaimers.agency/wp-content/plugins/elementor/assets/lib/font-awesome/css/font-awesome.min1849.css]
[click.proclaimers.agency/wp-content/plugins/elementor/assets/lib/eicons/fonts/eiconsd6bb.eot]
[click.proclaimers.agency/wp-content/plugins/elementor/assets/lib/font-awesome/fonts/fontawesome-webfont3e6e.svg]
[click.proclaimers.agency/wp-content/plugins/elementor/assets/lib/eicons/fonts/eiconsd6bb.woff2]
[click.proclaimers.agency/wp-content/plugins/elementor/assets/lib/eicons/fonts/eiconsd6bb.woff]
[click.proclaimers.agency/wp-content/plugins/elementor/assets/lib/eicons/fonts/eiconsd6bb.ttf]
[click.proclaimers.agency/wp-content/plugins/elementor/assets/lib/eicons/css/elementor-icons.min3b94.css]
[click.proclaimers.agency/wp-content/plugins/elementor/assets/css/frontend-lite.mina3be.css]
[click.proclaimers.agency/wp-content/plugins/elementor/assets/lib/swiper/css/swiper.min48f5.css]
[click.proclaimers.agency/wp-content/uploads/elementor/css/post-28246e5.css]
[click.proclaimers.agency/wp-content/plugins/fluentform/public/css/fluent-forms-elementor-widget163a.css]
[click.proclaimers.agency/wp-content/plugins/elementor/assets/lib/eicons/fonts/eiconsd6bb.svg]
[click.proclaimers.agency/wp-content/plugins/uicore-framework/assets/css/img/select-arrow.svg]
[click.proclaimers.agency/wp-content/themes/convertio/assets/skin/convertio/fonts/uicore-iconse7a1.ttf]
[click.proclaimers.agency/wp-content/themes/convertio/assets/skin/convertio/fonts/uicore-iconse7a1.woff]
[click.proclaimers.agency/wp-content/uploads/uicore-global9396.css]
[click.proclaimers.agency/wp-content/plugins/elementor/assets/lib/font-awesome/css/fontawesome.min52d5.css]
[click.proclaimers.agency/wp-content/themes/convertio/assets/skin/convertio/fonts/uicore-iconse7a1.svg]
[click.proclaimers.agency/wp-content/plugins/elementor/assets/lib/font-awesome/webfonts/fa-solid-900.eot]
[click.proclaimers.agency/wp-content/plugins/elementor/assets/lib/font-awesome/webfonts/fa-solid-900d41d.eot]
[click.proclaimers.agency/wp-content/plugins/elementor/assets/lib/font-awesome/webfonts/fa-solid-900.woff2]
[click.proclaimers.agency/wp-content/plugins/elementor/assets/lib/font-awesome/webfonts/fa-solid-900.woff]
[click.proclaimers.agency/wp-content/plugins/elementor/assets/lib/font-awesome/webfonts/fa-solid-900.ttf]
[click.proclaimers.agency/wp-content/plugins/elementor/assets/lib/font-awesome/css/solid.min52d5.css]
[c0.wp.com/p/jetpack/11.9.1/modules/shortcodes/img/slideshow-controls.png]
[c0.wp.com/p/jetpack/11.9.1/modules/shortcodes/img/slideshow-controls-2x.png]
[c0.wp.com/p/jetpack/11.9.1/modules/shortcodes/images/slide-nav.png]
[c0.wp.com/p/jetpack/11.9.1/modules/shortcodes/images/expand.png]
[c0.wp.com/p/jetpack/11.9.1/modules/shortcodes/images/collapse.png]
[click.proclaimers.agency/wp-content/plugins/elementor/assets/lib/font-awesome/webfonts/fa-solid-900.svg]
[secure.gravatar.com/images/grav-share-sprite.png]
[c0.wp.com/p/jetpack/11.9.1/css/jetpack.css]
[click.proclaimers.agency/wp-content/plugins/elementor/assets/css/widget-icon-box.min.css]
[click.proclaimers.agency/wp-content/plugins/sina-extension-for-elementor/assets/css/sina-widgets.minedb1.css]
[click.proclaimers.agency/wp-content/plugins/fluentformpro/public/libs/intl-tel-input/img/flags.png]
[click.proclaimers.agency/wp-content/plugins/fluentformpro/public/libs/intl-tel-input/img/flags@2x.png]
[click.proclaimers.agency/wp-content/plugins/fluentformpro/public/libs/intl-tel-input/css/intlTelInput.min85e8.css]
[click.proclaimers.agency/wp-content/plugins/elementor/assets/lib/flatpickr/flatpickr.mineda1.css]
[cdn4.iconfinder.com/data/icons/small-n-flat/24/663378.png]
[click.proclaimers.agency/wp-content/plugins/ays-popup-box/public/css/ays-pb-publica7da.css]
[click.proclaimers.agency/contact/index.html]
[click.proclaimers.agency/blog/index.html]
[click.proclaimers.agency/POST]
[connect.facebook.net/en_US/fbevents.js]
[click.proclaimers.agency/wp-content/plugins/bdthemes-element-pack/images/backgrounds/divider-icon.html]
[click.proclaimers.agency/wp-content/plugins/bdthemes-element-pack/images/backgrounds/list-bullet.html]
[click.proclaimers.agency/wp-content/plugins/bdthemes-element-pack/assets/images/backgrounds/form-select.html]
[click.proclaimers.agency/wp-content/plugins/bdthemes-element-pack/images/backgrounds/form-datalist.html]
[click.proclaimers.agency/wp-content/plugins/bdthemes-element-pack/assets/images/backgrounds/form-radio.html]
[click.proclaimers.agency/wp-content/plugins/bdthemes-element-pack/assets/images/backgrounds/form-checkbox.html]
[click.proclaimers.agency/wp-content/plugins/bdthemes-element-pack/assets/images/backgrounds/form-checkbox-indeterminate.html]
[click.proclaimers.agency/wp-content/plugins/bdthemes-element-pack/assets/images/backgrounds/nav-parent-close.html]
[click.proclaimers.agency/wp-content/plugins/bdthemes-element-pack/assets/images/backgrounds/nav-parent-open.html]
[click.proclaimers.agency/wp-content/plugins/bdthemes-element-pack/assets/images/loading.svg]
[c0.wp.com/c/6.1.1/wp-includes/js/mediaelement/mejs-controls.svg]
[click.proclaimers.agency/wp-content/plugins/elementor/assets/lib/font-awesome/fonts/fontawesome-webfont3e6e.svg]
[click.proclaimers.agency/wp-content/plugins/elementor/assets/lib/eicons/fonts/eiconsd6bb.svg]
[click.proclaimers.agency/wp-content/plugins/uicore-framework/assets/css/img/select-arrow.html]
[click.proclaimers.agency/wp-content/themes/convertio/assets/skin/convertio/fonts/uicore-iconse7a1.svg]
[click.proclaimers.agency/wp-content/plugins/elementor/assets/lib/font-awesome/webfonts/fa-solid-900.svg]
[click.proclaimers.agency/wp-json/wp/v2/pages/22.json]
[click.proclaimers.agency/wp-json/oembed/1.0/embed908d.json]
[click.proclaimers.agency/wp-json/oembed/1.0/embed2bc1]
[click.proclaimers.agency/wp-content/plugins/elementor/assets/css/widget-icon-list.min.css]
[click.proclaimers.agency/wp-content/uploads/elementor/css/post-1453e42.css]
[click.proclaimers.agency/contact/index.html]
[click.proclaimers.agency/blog/index.html]
[click.proclaimers.agency/POST.html]
[click.proclaimers.agency/index0345.html]
[click.proclaimers.agency/wp-content/uploads/uicore-blog9396.css]
[click.proclaimers.agency/wp-content/plugins/elementor/assets/css/widget-icon-list.min.css]
[click.proclaimers.agency/wp-content/uploads/elementor/css/post-1453e42.css]
[click.proclaimers.agency/wp-content/uploads/uicore-blog9396.css]
[click.proclaimers.agency/category/uncategorized/index.html]
[click.proclaimers.agency/2022/12/19/hello-world/index.html]
[click.proclaimers.agency/wp-json/wp/v2/categories/1.json]
[click.proclaimers.agency/category/uncategorized/index.html]
[click.proclaimers.agency/author/8pu6k/index.html]
[click.proclaimers.agency/category/uncategorized/feed/index.html]
[click.proclaimers.agency/wp-json/wp/v2/posts/1.json]
[click.proclaimers.agency/2022/12/19/hello-world/feed/index.html]
[click.proclaimers.agency/wp-json/oembed/1.0/embed18aa.json]
[click.proclaimers.agency/wp-json/oembed/1.0/embed8768]
[click.proclaimers.agency/2022/12/19/hello-world/index.html]
[click.proclaimers.agency/wp-json/wp/v2/users/1.json]
[click.proclaimers.agency/author/8pu6k/index.html]
[click.proclaimers.agency/indexcff1.html]
[click.proclaimers.agency/2022/12/19/hello-world/index6809.html]
[click.proclaimers.agency/2022/12/19/hello-world/index6809.html]
[click.proclaimers.agency/author/8pu6k/feed/index.html]
